=== SAGE (fixed) — ROBUSTNESS ONLY ===
    [robustness][0] FAIL
    [robustness][1] FAIL
    [robustness][2] FAIL
    [robustness][3] FAIL
    [robustness][4] FAIL
    [robustness][5] FAIL
    [robustness][6] FAIL
    [robustness][7] FAIL
    [robustness][8] FAIL
    [robustness][9] FAIL
  robustness: 0/10

=======================================================
  MASBENCH 50 tasks — FIXED PIPELINE
=======================================================
        Axis       Bare       SAGE    Delta
-------------------------------------------------------
       depth 3/10 ( 30%) 2/10 ( 20%) -1 (-10pp)
     breadth 6/10 ( 60%) 7/10 ( 70%) +1 (+10pp)
     horizon 0/10 (  0%) 2/10 ( 20%) +2 (+20pp)
    parallel 7/10 ( 70%) 7/10 ( 70%) +0 (+0pp)
  robustness 0/10 (  0%) 0/10 (  0%) +0 (+0pp)
-------------------------------------------------------
       TOTAL 16/50 ( 32%) 18/50 ( 36%) +2 (+4pp)
